// Jest Snapshot v1, https://goo.gl/fbAQLP

exports[`renders correctly when there are multiple items 1`] = `
<ul>
  <li>
    one
  </li>
  <li>
    two
  </li>
  <li>
    three
  </li>
</ul>
`;

exports[`renders correctly when there is a single item 1`] = `
<span
  class="App"
>
  one
</span>
`;
